Ôùç injecting env (3) from .env // tip: Ôùê encrypted .env [www.dotenvx.com]
=== INICIANDO PRUEBAS MCP NATIVAS ===

Prueba 1: Buscar contacto con email 'test RORA'
Resultado P1: null

-----------------------------------

Prueba 2: Obtener conversaciones (contactId: 95udpaj2MikSUUZ9sJ3I)
Resultado P2: null

-----------------------------------

Prueba 3: Obtener pr├│ximos 10 eventos de calendario
Resultado P3: null

-----------------------------------

Prueba 4: Crear contacto nuevo (Lead Prueba RORA 2)
Resultado P4: null
